Archive member included because of file (symbol)

d:/courses/embedded data/imt_data/00-tools/03-imt sdk/03- imt sdk/03- imt sdk/imt_sdk_win_64/imt_sdk_win_64/winavr/bin/../lib/gcc/avr/4.3.3/avr5\libgcc.a(_udivmodhi4.o)
                              ./2-HAL/Stepper_Motor/Stepper_Motor_Program.o (__udivmodhi4)
d:/courses/embedded data/imt_data/00-tools/03-imt sdk/03- imt sdk/03- imt sdk/imt_sdk_win_64/imt_sdk_win_64/winavr/bin/../lib/gcc/avr/4.3.3/avr5\libgcc.a(_udivmodsi4.o)
                              ./2-HAL/LCD/LCD_Program.o (__udivmodsi4)
d:/courses/embedded data/imt_data/00-tools/03-imt sdk/03- imt sdk/03- imt sdk/imt_sdk_win_64/imt_sdk_win_64/winavr/bin/../lib/gcc/avr/4.3.3/avr5\libgcc.a(_exit.o)
                              d:/courses/embedded data/imt_data/00-tools/03-imt sdk/03- imt sdk/03- imt sdk/imt_sdk_win_64/imt_sdk_win_64/winavr/bin/../lib/gcc/avr/4.3.3/../../../../avr/lib/avr5/crtm32.o (exit)
d:/courses/embedded data/imt_data/00-tools/03-imt sdk/03- imt sdk/03- imt sdk/imt_sdk_win_64/imt_sdk_win_64/winavr/bin/../lib/gcc/avr/4.3.3/avr5\libgcc.a(_copy_data.o)
                              ./4-APP/main.o (__do_copy_data)
d:/courses/embedded data/imt_data/00-tools/03-imt sdk/03- imt sdk/03- imt sdk/imt_sdk_win_64/imt_sdk_win_64/winavr/bin/../lib/gcc/avr/4.3.3/avr5\libgcc.a(_fixunssfsi.o)
                              ./4-APP/main.o (__fixunssfsi)
d:/courses/embedded data/imt_data/00-tools/03-imt sdk/03- imt sdk/03- imt sdk/imt_sdk_win_64/imt_sdk_win_64/winavr/bin/../lib/gcc/avr/4.3.3/avr5\libgcc.a(_addsub_sf.o)
                              d:/courses/embedded data/imt_data/00-tools/03-imt sdk/03- imt sdk/03- imt sdk/imt_sdk_win_64/imt_sdk_win_64/winavr/bin/../lib/gcc/avr/4.3.3/avr5\libgcc.a(_fixunssfsi.o) (__subsf3)
d:/courses/embedded data/imt_data/00-tools/03-imt sdk/03- imt sdk/03- imt sdk/imt_sdk_win_64/imt_sdk_win_64/winavr/bin/../lib/gcc/avr/4.3.3/avr5\libgcc.a(_mul_sf.o)
                              ./4-APP/main.o (__mulsf3)
d:/courses/embedded data/imt_data/00-tools/03-imt sdk/03- imt sdk/03- imt sdk/imt_sdk_win_64/imt_sdk_win_64/winavr/bin/../lib/gcc/avr/4.3.3/avr5\libgcc.a(_div_sf.o)
                              ./2-HAL/LCD/LCD_Program.o (__divsf3)
d:/courses/embedded data/imt_data/00-tools/03-imt sdk/03- imt sdk/03- imt sdk/imt_sdk_win_64/imt_sdk_win_64/winavr/bin/../lib/gcc/avr/4.3.3/avr5\libgcc.a(_gt_sf.o)
                              ./4-APP/main.o (__gtsf2)
d:/courses/embedded data/imt_data/00-tools/03-imt sdk/03- imt sdk/03- imt sdk/imt_sdk_win_64/imt_sdk_win_64/winavr/bin/../lib/gcc/avr/4.3.3/avr5\libgcc.a(_ge_sf.o)
                              d:/courses/embedded data/imt_data/00-tools/03-imt sdk/03- imt sdk/03- imt sdk/imt_sdk_win_64/imt_sdk_win_64/winavr/bin/../lib/gcc/avr/4.3.3/avr5\libgcc.a(_fixunssfsi.o) (__gesf2)
d:/courses/embedded data/imt_data/00-tools/03-imt sdk/03- imt sdk/03- imt sdk/imt_sdk_win_64/imt_sdk_win_64/winavr/bin/../lib/gcc/avr/4.3.3/avr5\libgcc.a(_lt_sf.o)
                              ./4-APP/main.o (__ltsf2)
d:/courses/embedded data/imt_data/00-tools/03-imt sdk/03- imt sdk/03- imt sdk/imt_sdk_win_64/imt_sdk_win_64/winavr/bin/../lib/gcc/avr/4.3.3/avr5\libgcc.a(_sf_to_si.o)
                              d:/courses/embedded data/imt_data/00-tools/03-imt sdk/03- imt sdk/03- imt sdk/imt_sdk_win_64/imt_sdk_win_64/winavr/bin/../lib/gcc/avr/4.3.3/avr5\libgcc.a(_fixunssfsi.o) (__fixsfsi)
d:/courses/embedded data/imt_data/00-tools/03-imt sdk/03- imt sdk/03- imt sdk/imt_sdk_win_64/imt_sdk_win_64/winavr/bin/../lib/gcc/avr/4.3.3/avr5\libgcc.a(_thenan_sf.o)
                              d:/courses/embedded data/imt_data/00-tools/03-imt sdk/03- imt sdk/03- imt sdk/imt_sdk_win_64/imt_sdk_win_64/winavr/bin/../lib/gcc/avr/4.3.3/avr5\libgcc.a(_addsub_sf.o) (__thenan_sf)
d:/courses/embedded data/imt_data/00-tools/03-imt sdk/03- imt sdk/03- imt sdk/imt_sdk_win_64/imt_sdk_win_64/winavr/bin/../lib/gcc/avr/4.3.3/avr5\libgcc.a(_prologue.o)
                              d:/courses/embedded data/imt_data/00-tools/03-imt sdk/03- imt sdk/03- imt sdk/imt_sdk_win_64/imt_sdk_win_64/winavr/bin/../lib/gcc/avr/4.3.3/avr5\libgcc.a(_addsub_sf.o) (__prologue_saves__)
d:/courses/embedded data/imt_data/00-tools/03-imt sdk/03- imt sdk/03- imt sdk/imt_sdk_win_64/imt_sdk_win_64/winavr/bin/../lib/gcc/avr/4.3.3/avr5\libgcc.a(_epilogue.o)
                              d:/courses/embedded data/imt_data/00-tools/03-imt sdk/03- imt sdk/03- imt sdk/imt_sdk_win_64/imt_sdk_win_64/winavr/bin/../lib/gcc/avr/4.3.3/avr5\libgcc.a(_addsub_sf.o) (__epilogue_restores__)
d:/courses/embedded data/imt_data/00-tools/03-imt sdk/03- imt sdk/03- imt sdk/imt_sdk_win_64/imt_sdk_win_64/winavr/bin/../lib/gcc/avr/4.3.3/avr5\libgcc.a(_pack_sf.o)
                              d:/courses/embedded data/imt_data/00-tools/03-imt sdk/03- imt sdk/03- imt sdk/imt_sdk_win_64/imt_sdk_win_64/winavr/bin/../lib/gcc/avr/4.3.3/avr5\libgcc.a(_addsub_sf.o) (__pack_f)
d:/courses/embedded data/imt_data/00-tools/03-imt sdk/03- imt sdk/03- imt sdk/imt_sdk_win_64/imt_sdk_win_64/winavr/bin/../lib/gcc/avr/4.3.3/avr5\libgcc.a(_unpack_sf.o)
                              d:/courses/embedded data/imt_data/00-tools/03-imt sdk/03- imt sdk/03- imt sdk/imt_sdk_win_64/imt_sdk_win_64/winavr/bin/../lib/gcc/avr/4.3.3/avr5\libgcc.a(_addsub_sf.o) (__unpack_f)
d:/courses/embedded data/imt_data/00-tools/03-imt sdk/03- imt sdk/03- imt sdk/imt_sdk_win_64/imt_sdk_win_64/winavr/bin/../lib/gcc/avr/4.3.3/avr5\libgcc.a(_fpcmp_parts_sf.o)
                              d:/courses/embedded data/imt_data/00-tools/03-imt sdk/03- imt sdk/03- imt sdk/imt_sdk_win_64/imt_sdk_win_64/winavr/bin/../lib/gcc/avr/4.3.3/avr5\libgcc.a(_gt_sf.o) (__fpcmp_parts_f)

Memory Configuration

Name             Origin             Length             Attributes
text             0x00000000         0x00020000         xr
data             0x00800060         0x0000ffa0         rw !x
eeprom           0x00810000         0x00010000         rw !x
fuse             0x00820000         0x00000400         rw !x
lock             0x00830000         0x00000400         rw !x
signature        0x00840000         0x00000400         rw !x
*default*        0x00000000         0xffffffff

Linker script and memory map

LOAD d:/courses/embedded data/imt_data/00-tools/03-imt sdk/03- imt sdk/03- imt sdk/imt_sdk_win_64/imt_sdk_win_64/winavr/bin/../lib/gcc/avr/4.3.3/../../../../avr/lib/avr5/crtm32.o
LOAD ./4-APP/main.o
LOAD ./2-HAL/Stepper_Motor/Stepper_Motor_Program.o
LOAD ./2-HAL/SevenSegment/SevenSEG_Program.o
LOAD ./2-HAL/LCD/LCD_Program.o
LOAD ./2-HAL/Keybad/Keybad_Program.o
LOAD ./2-HAL/DC_Motor/DC_Motor_Program.o
LOAD ./1-MCAL/DIO/DIO_program.o
LOAD d:/courses/embedded data/imt_data/00-tools/03-imt sdk/03- imt sdk/03- imt sdk/imt_sdk_win_64/imt_sdk_win_64/winavr/bin/../lib/gcc/avr/4.3.3/avr5\libgcc.a
LOAD d:/courses/embedded data/imt_data/00-tools/03-imt sdk/03- imt sdk/03- imt sdk/imt_sdk_win_64/imt_sdk_win_64/winavr/bin/../lib/gcc/avr/4.3.3/../../../../avr/lib/avr5\libc.a
LOAD d:/courses/embedded data/imt_data/00-tools/03-imt sdk/03- imt sdk/03- imt sdk/imt_sdk_win_64/imt_sdk_win_64/winavr/bin/../lib/gcc/avr/4.3.3/avr5\libgcc.a

.hash
 *(.hash)

.dynsym
 *(.dynsym)

.dynstr
 *(.dynstr)

.gnu.version
 *(.gnu.version)

.gnu.version_d
 *(.gnu.version_d)

.gnu.version_r
 *(.gnu.version_r)

.rel.init
 *(.rel.init)

.rela.init
 *(.rela.init)

.rel.text
 *(.rel.text)
 *(.rel.text.*)
 *(.rel.gnu.linkonce.t*)

.rela.text
 *(.rela.text)
 *(.rela.text.*)
 *(.rela.gnu.linkonce.t*)

.rel.fini
 *(.rel.fini)

.rela.fini
 *(.rela.fini)

.rel.rodata
 *(.rel.rodata)
 *(.rel.rodata.*)
 *(.rel.gnu.linkonce.r*)

.rela.rodata
 *(.rela.rodata)
 *(.rela.rodata.*)
 *(.rela.gnu.linkonce.r*)

.rel.data
 *(.rel.data)
 *(.rel.data.*)
 *(.rel.gnu.linkonce.d*)

.rela.data
 *(.rela.data)
 *(.rela.data.*)
 *(.rela.gnu.linkonce.d*)

.rel.ctors
 *(.rel.ctors)

.rela.ctors
 *(.rela.ctors)

.rel.dtors
 *(.rel.dtors)

.rela.dtors
 *(.rela.dtors)

.rel.got
 *(.rel.got)

.rela.got
 *(.rela.got)

.rel.bss
 *(.rel.bss)

.rela.bss
 *(.rela.bss)

.rel.plt
 *(.rel.plt)

.rela.plt
 *(.rela.plt)

.text           0x00000000     0x3d02
 *(.vectors)
 .vectors       0x00000000       0x54 d:/courses/embedded data/imt_data/00-tools/03-imt sdk/03- imt sdk/03- imt sdk/imt_sdk_win_64/imt_sdk_win_64/winavr/bin/../lib/gcc/avr/4.3.3/../../../../avr/lib/avr5/crtm32.o
                0x00000000                __vectors
                0x00000000                __vector_default
 *(.vectors)
 *(.progmem.gcc*)
 *(.progmem*)
                0x00000054                . = ALIGN (0x2)
                0x00000054                __trampolines_start = .
 *(.trampolines)
 .trampolines   0x00000054        0x0 linker stubs
 *(.trampolines*)
                0x00000054                __trampolines_end = .
 *(.jumptables)
 *(.jumptables*)
 *(.lowtext)
 *(.lowtext*)
                0x00000054                __ctors_start = .
 *(.ctors)
                0x00000054                __ctors_end = .
                0x00000054                __dtors_start = .
 *(.dtors)
                0x00000054                __dtors_end = .
 SORT(*)(.ctors)
 SORT(*)(.dtors)
 *(.init0)
 .init0         0x00000054        0x0 d:/courses/embedded data/imt_data/00-tools/03-imt sdk/03- imt sdk/03- imt sdk/imt_sdk_win_64/imt_sdk_win_64/winavr/bin/../lib/gcc/avr/4.3.3/../../../../avr/lib/avr5/crtm32.o
                0x00000054                __init
 *(.init0)
 *(.init1)
 *(.init1)
 *(.init2)
 .init2         0x00000054        0xc d:/courses/embedded data/imt_data/00-tools/03-imt sdk/03- imt sdk/03- imt sdk/imt_sdk_win_64/imt_sdk_win_64/winavr/bin/../lib/gcc/avr/4.3.3/../../../../avr/lib/avr5/crtm32.o
 *(.init2)
 *(.init3)
 *(.init3)
 *(.init4)
 .init4         0x00000060       0x16 d:/courses/embedded data/imt_data/00-tools/03-imt sdk/03- imt sdk/03- imt sdk/imt_sdk_win_64/imt_sdk_win_64/winavr/bin/../lib/gcc/avr/4.3.3/avr5\libgcc.a(_copy_data.o)
                0x00000060                __do_copy_data
 *(.init4)
 *(.init5)
 *(.init5)
 *(.init6)
 *(.init6)
 *(.init7)
 *(.init7)
 *(.init8)
 *(.init8)
 *(.init9)
 .init9         0x00000076        0x8 d:/courses/embedded data/imt_data/00-tools/03-imt sdk/03- imt sdk/03- imt sdk/imt_sdk_win_64/imt_sdk_win_64/winavr/bin/../lib/gcc/avr/4.3.3/../../../../avr/lib/avr5/crtm32.o
 *(.init9)
 *(.text)
 .text          0x0000007e        0x4 d:/courses/embedded data/imt_data/00-tools/03-imt sdk/03- imt sdk/03- imt sdk/imt_sdk_win_64/imt_sdk_win_64/winavr/bin/../lib/gcc/avr/4.3.3/../../../../avr/lib/avr5/crtm32.o
                0x0000007e                __vector_1
                0x0000007e                __vector_12
                0x0000007e                __bad_interrupt
                0x0000007e                __vector_6
                0x0000007e                __vector_3
                0x0000007e                __vector_11
                0x0000007e                __vector_13
                0x0000007e                __vector_17
                0x0000007e                __vector_19
                0x0000007e                __vector_7
                0x0000007e                __vector_5
                0x0000007e                __vector_4
                0x0000007e                __vector_9
                0x0000007e                __vector_2
                0x0000007e                __vector_15
                0x0000007e                __vector_8
                0x0000007e                __vector_14
                0x0000007e                __vector_10
                0x0000007e                __vector_16
                0x0000007e                __vector_18
                0x0000007e                __vector_20
 .text          0x00000082        0x0 ./4-APP/main.o
 .text          0x00000082        0x0 ./2-HAL/Stepper_Motor/Stepper_Motor_Program.o
 .text          0x00000082        0x0 ./2-HAL/SevenSegment/SevenSEG_Program.o
 .text          0x00000082        0x0 ./2-HAL/LCD/LCD_Program.o
 .text          0x00000082        0x0 ./2-HAL/Keybad/Keybad_Program.o
 .text          0x00000082        0x0 ./2-HAL/DC_Motor/DC_Motor_Program.o
 .text          0x00000082        0x0 ./1-MCAL/DIO/DIO_program.o
 .text          0x00000082        0x0 d:/courses/embedded data/imt_data/00-tools/03-imt sdk/03- imt sdk/03- imt sdk/imt_sdk_win_64/imt_sdk_win_64/winavr/bin/../lib/gcc/avr/4.3.3/avr5\libgcc.a(_udivmodhi4.o)
 .text          0x00000082        0x0 d:/courses/embedded data/imt_data/00-tools/03-imt sdk/03- imt sdk/03- imt sdk/imt_sdk_win_64/imt_sdk_win_64/winavr/bin/../lib/gcc/avr/4.3.3/avr5\libgcc.a(_udivmodsi4.o)
 .text          0x00000082        0x0 d:/courses/embedded data/imt_data/00-tools/03-imt sdk/03- imt sdk/03- imt sdk/imt_sdk_win_64/imt_sdk_win_64/winavr/bin/../lib/gcc/avr/4.3.3/avr5\libgcc.a(_exit.o)
 .text          0x00000082        0x0 d:/courses/embedded data/imt_data/00-tools/03-imt sdk/03- imt sdk/03- imt sdk/imt_sdk_win_64/imt_sdk_win_64/winavr/bin/../lib/gcc/avr/4.3.3/avr5\libgcc.a(_copy_data.o)
 .text          0x00000082       0x58 d:/courses/embedded data/imt_data/00-tools/03-imt sdk/03- imt sdk/03- imt sdk/imt_sdk_win_64/imt_sdk_win_64/winavr/bin/../lib/gcc/avr/4.3.3/avr5\libgcc.a(_fixunssfsi.o)
                0x00000082                __fixunssfsi
 .text          0x000000da      0x354 d:/courses/embedded data/imt_data/00-tools/03-imt sdk/03- imt sdk/03- imt sdk/imt_sdk_win_64/imt_sdk_win_64/winavr/bin/../lib/gcc/avr/4.3.3/avr5\libgcc.a(_addsub_sf.o)
                0x00000372                __subsf3
                0x000003d4                __addsf3
 .text          0x0000042e      0x1f4 d:/courses/embedded data/imt_data/00-tools/03-imt sdk/03- imt sdk/03- imt sdk/imt_sdk_win_64/imt_sdk_win_64/winavr/bin/../lib/gcc/avr/4.3.3/avr5\libgcc.a(_mul_sf.o)
                0x0000042e                __mulsf3
 .text          0x00000622      0x158 d:/courses/embedded data/imt_data/00-tools/03-imt sdk/03- imt sdk/03- imt sdk/imt_sdk_win_64/imt_sdk_win_64/winavr/bin/../lib/gcc/avr/4.3.3/avr5\libgcc.a(_div_sf.o)
                0x00000622                __divsf3
 .text          0x0000077a       0x60 d:/courses/embedded data/imt_data/00-tools/03-imt sdk/03- imt sdk/03- imt sdk/imt_sdk_win_64/imt_sdk_win_64/winavr/bin/../lib/gcc/avr/4.3.3/avr5\libgcc.a(_gt_sf.o)
                0x0000077a                __gtsf2
 .text          0x000007da       0x60 d:/courses/embedded data/imt_data/00-tools/03-imt sdk/03- imt sdk/03- imt sdk/imt_sdk_win_64/imt_sdk_win_64/winavr/bin/../lib/gcc/avr/4.3.3/avr5\libgcc.a(_ge_sf.o)
                0x000007da                __gesf2
 .text          0x0000083a       0x60 d:/courses/embedded data/imt_data/00-tools/03-imt sdk/03- imt sdk/03- imt sdk/imt_sdk_win_64/imt_sdk_win_64/winavr/bin/../lib/gcc/avr/4.3.3/avr5\libgcc.a(_lt_sf.o)
                0x0000083a                __ltsf2
 .text          0x0000089a       0xa8 d:/courses/embedded data/imt_data/00-tools/03-imt sdk/03- imt sdk/03- imt sdk/imt_sdk_win_64/imt_sdk_win_64/winavr/bin/../lib/gcc/avr/4.3.3/avr5\libgcc.a(_sf_to_si.o)
                0x0000089a                __fixsfsi
 .text          0x00000942        0x0 d:/courses/embedded data/imt_data/00-tools/03-imt sdk/03- imt sdk/03- imt sdk/imt_sdk_win_64/imt_sdk_win_64/winavr/bin/../lib/gcc/avr/4.3.3/avr5\libgcc.a(_thenan_sf.o)
 .text          0x00000942        0x0 d:/courses/embedded data/imt_data/00-tools/03-imt sdk/03- imt sdk/03- imt sdk/imt_sdk_win_64/imt_sdk_win_64/winavr/bin/../lib/gcc/avr/4.3.3/avr5\libgcc.a(_prologue.o)
 .text          0x00000942        0x0 d:/courses/embedded data/imt_data/00-tools/03-imt sdk/03- imt sdk/03- imt sdk/imt_sdk_win_64/imt_sdk_win_64/winavr/bin/../lib/gcc/avr/4.3.3/avr5\libgcc.a(_epilogue.o)
 .text          0x00000942      0x1aa d:/courses/embedded data/imt_data/00-tools/03-imt sdk/03- imt sdk/03- imt sdk/imt_sdk_win_64/imt_sdk_win_64/winavr/bin/../lib/gcc/avr/4.3.3/avr5\libgcc.a(_pack_sf.o)
                0x00000942                __pack_f
 .text          0x00000aec       0xf0 d:/courses/embedded data/imt_data/00-tools/03-imt sdk/03- imt sdk/03- imt sdk/imt_sdk_win_64/imt_sdk_win_64/winavr/bin/../lib/gcc/avr/4.3.3/avr5\libgcc.a(_unpack_sf.o)
                0x00000aec                __unpack_f
 .text          0x00000bdc       0xb2 d:/courses/embedded data/imt_data/00-tools/03-imt sdk/03- imt sdk/03- imt sdk/imt_sdk_win_64/imt_sdk_win_64/winavr/bin/../lib/gcc/avr/4.3.3/avr5\libgcc.a(_fpcmp_parts_sf.o)
                0x00000bdc                __fpcmp_parts_f
                0x00000c8e                . = ALIGN (0x2)
 *(.text.*)
 .text.displayOptionsPage
                0x00000c8e       0x2a ./4-APP/main.o
                0x00000c8e                displayOptionsPage
 .text.takeUserOption
                0x00000cb8       0x3e ./4-APP/main.o
                0x00000cb8                takeUserOption
 .text.displayRotationOptions
                0x00000cf6       0x2a ./4-APP/main.o
                0x00000cf6                displayRotationOptions
 .text.returnAngle
                0x00000d20       0x8a ./4-APP/main.o
                0x00000d20                returnAngle
 .text.main     0x00000daa      0xa48 ./4-APP/main.o
                0x00000daa                main
 .text.STEP_Motor_enu_Init
                0x000017f2       0x60 ./2-HAL/Stepper_Motor/Stepper_Motor_Program.o
                0x000017f2                STEP_Motor_enu_Init
 .text.STEP_Motor_enu_Rotate
                0x00001852      0x38c ./2-HAL/Stepper_Motor/Stepper_Motor_Program.o
                0x00001852                STEP_Motor_enu_Rotate
 .text.STEP_Motor_enu_Stop
                0x00001bde      0x134 ./2-HAL/Stepper_Motor/Stepper_Motor_Program.o
                0x00001bde                STEP_Motor_enu_Stop
 .text.sevenSeg_enu_displayNum
                0x00001d12       0x84 ./2-HAL/SevenSegment/SevenSEG_Program.o
                0x00001d12                sevenSeg_enu_displayNum
 .text.LCD_enu_SendCmnd
                0x00001d96      0x400 ./2-HAL/LCD/LCD_Program.o
                0x00001d96                LCD_enu_SendCmnd
 .text.LCD_enu_SendChar
                0x00002196      0x400 ./2-HAL/LCD/LCD_Program.o
                0x00002196                LCD_enu_SendChar
 .text.LCD_enu_SendString
                0x00002596       0x52 ./2-HAL/LCD/LCD_Program.o
                0x00002596                LCD_enu_SendString
 .text.LCD_enu_SendNum
                0x000025e8       0xee ./2-HAL/LCD/LCD_Program.o
                0x000025e8                LCD_enu_SendNum
 .text.LCD_enu_SetCursor
                0x000026d6       0x68 ./2-HAL/LCD/LCD_Program.o
                0x000026d6                LCD_enu_SetCursor
 .text.LCD_enu_Init
                0x0000273e      0x5da ./2-HAL/LCD/LCD_Program.o
                0x0000273e                LCD_enu_Init
 .text.LCD_enu_Clear
                0x00002d18      0x112 ./2-HAL/LCD/LCD_Program.o
                0x00002d18                LCD_enu_Clear
 .text.LCD_enu_CreateCustomChar
                0x00002e2a       0x84 ./2-HAL/LCD/LCD_Program.o
                0x00002e2a                LCD_enu_CreateCustomChar
 .text.Keypad_enu_Init
                0x00002eae       0x84 ./2-HAL/Keybad/Keybad_Program.o
                0x00002eae                Keypad_enu_Init
 .text.Keypad_enu_getKey
                0x00002f32      0x220 ./2-HAL/Keybad/Keybad_Program.o
                0x00002f32                Keypad_enu_getKey
 .text.DC_Motor_enu_Init
                0x00003152       0x86 ./2-HAL/DC_Motor/DC_Motor_Program.o
                0x00003152                DC_Motor_enu_Init
 .text.DC_Motor_enu_Rotate
                0x000031d8      0x110 ./2-HAL/DC_Motor/DC_Motor_Program.o
                0x000031d8                DC_Motor_enu_Rotate
 .text.DC_Motor_enu_Stop
                0x000032e8       0x42 ./2-HAL/DC_Motor/DC_Motor_Program.o
                0x000032e8                DC_Motor_enu_Stop
 .text.DIO_enu_Init
                0x0000332a       0x4a ./1-MCAL/DIO/DIO_program.o
                0x0000332a                DIO_enu_Init
 .text.DIO_enu_SetPinDirection
                0x00003374      0x254 ./1-MCAL/DIO/DIO_program.o
                0x00003374                DIO_enu_SetPinDirection
 .text.DIO_enu_SetPinValue
                0x000035c8      0x254 ./1-MCAL/DIO/DIO_program.o
                0x000035c8                DIO_enu_SetPinValue
 .text.DIO_enu_GetPinValue
                0x0000381c      0x17c ./1-MCAL/DIO/DIO_program.o
                0x0000381c                DIO_enu_GetPinValue
 .text.DIO_enu_SetPortDirection
                0x00003998      0x142 ./1-MCAL/DIO/DIO_program.o
                0x00003998                DIO_enu_SetPortDirection
 .text.DIO_enu_SetPortValue
                0x00003ada       0x96 ./1-MCAL/DIO/DIO_program.o
                0x00003ada                DIO_enu_SetPortValue
 .text.DIO_enu_GetPortValue
                0x00003b70       0xb4 ./1-MCAL/DIO/DIO_program.o
                0x00003b70                DIO_enu_GetPortValue
 .text.libgcc   0x00003c24       0x28 d:/courses/embedded data/imt_data/00-tools/03-imt sdk/03- imt sdk/03- imt sdk/imt_sdk_win_64/imt_sdk_win_64/winavr/bin/../lib/gcc/avr/4.3.3/avr5\libgcc.a(_udivmodhi4.o)
                0x00003c24                __udivmodhi4
 .text.libgcc   0x00003c4c       0x44 d:/courses/embedded data/imt_data/00-tools/03-imt sdk/03- imt sdk/03- imt sdk/imt_sdk_win_64/imt_sdk_win_64/winavr/bin/../lib/gcc/avr/4.3.3/avr5\libgcc.a(_udivmodsi4.o)
                0x00003c4c                __udivmodsi4
 .text.libgcc   0x00003c90        0x0 d:/courses/embedded data/imt_data/00-tools/03-imt sdk/03- imt sdk/03- imt sdk/imt_sdk_win_64/imt_sdk_win_64/winavr/bin/../lib/gcc/avr/4.3.3/avr5\libgcc.a(_exit.o)
 .text.libgcc   0x00003c90        0x0 d:/courses/embedded data/imt_data/00-tools/03-imt sdk/03- imt sdk/03- imt sdk/imt_sdk_win_64/imt_sdk_win_64/winavr/bin/../lib/gcc/avr/4.3.3/avr5\libgcc.a(_copy_data.o)
 .text.libgcc   0x00003c90       0x38 d:/courses/embedded data/imt_data/00-tools/03-imt sdk/03- imt sdk/03- imt sdk/imt_sdk_win_64/imt_sdk_win_64/winavr/bin/../lib/gcc/avr/4.3.3/avr5\libgcc.a(_prologue.o)
                0x00003c90                __prologue_saves__
 .text.libgcc   0x00003cc8       0x36 d:/courses/embedded data/imt_data/00-tools/03-imt sdk/03- imt sdk/03- imt sdk/imt_sdk_win_64/imt_sdk_win_64/winavr/bin/../lib/gcc/avr/4.3.3/avr5\libgcc.a(_epilogue.o)
                0x00003cc8                __epilogue_restores__
                0x00003cfe                . = ALIGN (0x2)
 *(.fini9)
 .fini9         0x00003cfe        0x0 d:/courses/embedded data/imt_data/00-tools/03-imt sdk/03- imt sdk/03- imt sdk/imt_sdk_win_64/imt_sdk_win_64/winavr/bin/../lib/gcc/avr/4.3.3/avr5\libgcc.a(_exit.o)
                0x00003cfe                exit
                0x00003cfe                _exit
 *(.fini9)
 *(.fini8)
 *(.fini8)
 *(.fini7)
 *(.fini7)
 *(.fini6)
 *(.fini6)
 *(.fini5)
 *(.fini5)
 *(.fini4)
 *(.fini4)
 *(.fini3)
 *(.fini3)
 *(.fini2)
 *(.fini2)
 *(.fini1)
 *(.fini1)
 *(.fini0)
 .fini0         0x00003cfe        0x4 d:/courses/embedded data/imt_data/00-tools/03-imt sdk/03- imt sdk/03- imt sdk/imt_sdk_win_64/imt_sdk_win_64/winavr/bin/../lib/gcc/avr/4.3.3/avr5\libgcc.a(_exit.o)
 *(.fini0)
                0x00003d02                _etext = .

.data           0x00800060       0xf0 load address 0x00003d02
                0x00800060                PROVIDE (__data_start, .)
 *(.data)
 .data          0x00800060        0x0 d:/courses/embedded data/imt_data/00-tools/03-imt sdk/03- imt sdk/03- imt sdk/imt_sdk_win_64/imt_sdk_win_64/winavr/bin/../lib/gcc/avr/4.3.3/../../../../avr/lib/avr5/crtm32.o
 .data          0x00800060       0xbf ./4-APP/main.o
 .data          0x0080011f        0x0 ./2-HAL/Stepper_Motor/Stepper_Motor_Program.o
 .data          0x0080011f        0x0 ./2-HAL/SevenSegment/SevenSEG_Program.o
 .data          0x0080011f        0x0 ./2-HAL/LCD/LCD_Program.o
 .data          0x0080011f        0x0 ./2-HAL/Keybad/Keybad_Program.o
 .data          0x0080011f        0x0 ./2-HAL/DC_Motor/DC_Motor_Program.o
 .data          0x0080011f        0x0 ./1-MCAL/DIO/DIO_program.o
 .data          0x0080011f        0x0 d:/courses/embedded data/imt_data/00-tools/03-imt sdk/03- imt sdk/03- imt sdk/imt_sdk_win_64/imt_sdk_win_64/winavr/bin/../lib/gcc/avr/4.3.3/avr5\libgcc.a(_udivmodhi4.o)
 .data          0x0080011f        0x0 d:/courses/embedded data/imt_data/00-tools/03-imt sdk/03- imt sdk/03- imt sdk/imt_sdk_win_64/imt_sdk_win_64/winavr/bin/../lib/gcc/avr/4.3.3/avr5\libgcc.a(_udivmodsi4.o)
 .data          0x0080011f        0x0 d:/courses/embedded data/imt_data/00-tools/03-imt sdk/03- imt sdk/03- imt sdk/imt_sdk_win_64/imt_sdk_win_64/winavr/bin/../lib/gcc/avr/4.3.3/avr5\libgcc.a(_exit.o)
 .data          0x0080011f        0x0 d:/courses/embedded data/imt_data/00-tools/03-imt sdk/03- imt sdk/03- imt sdk/imt_sdk_win_64/imt_sdk_win_64/winavr/bin/../lib/gcc/avr/4.3.3/avr5\libgcc.a(_copy_data.o)
 .data          0x0080011f        0x0 d:/courses/embedded data/imt_data/00-tools/03-imt sdk/03- imt sdk/03- imt sdk/imt_sdk_win_64/imt_sdk_win_64/winavr/bin/../lib/gcc/avr/4.3.3/avr5\libgcc.a(_fixunssfsi.o)
 .data          0x0080011f        0x0 d:/courses/embedded data/imt_data/00-tools/03-imt sdk/03- imt sdk/03- imt sdk/imt_sdk_win_64/imt_sdk_win_64/winavr/bin/../lib/gcc/avr/4.3.3/avr5\libgcc.a(_addsub_sf.o)
 .data          0x0080011f        0x0 d:/courses/embedded data/imt_data/00-tools/03-imt sdk/03- imt sdk/03- imt sdk/imt_sdk_win_64/imt_sdk_win_64/winavr/bin/../lib/gcc/avr/4.3.3/avr5\libgcc.a(_mul_sf.o)
 .data          0x0080011f        0x0 d:/courses/embedded data/imt_data/00-tools/03-imt sdk/03- imt sdk/03- imt sdk/imt_sdk_win_64/imt_sdk_win_64/winavr/bin/../lib/gcc/avr/4.3.3/avr5\libgcc.a(_div_sf.o)
 .data          0x0080011f        0x0 d:/courses/embedded data/imt_data/00-tools/03-imt sdk/03- imt sdk/03- imt sdk/imt_sdk_win_64/imt_sdk_win_64/winavr/bin/../lib/gcc/avr/4.3.3/avr5\libgcc.a(_gt_sf.o)
 .data          0x0080011f        0x0 d:/courses/embedded data/imt_data/00-tools/03-imt sdk/03- imt sdk/03- imt sdk/imt_sdk_win_64/imt_sdk_win_64/winavr/bin/../lib/gcc/avr/4.3.3/avr5\libgcc.a(_ge_sf.o)
 .data          0x0080011f        0x0 d:/courses/embedded data/imt_data/00-tools/03-imt sdk/03- imt sdk/03- imt sdk/imt_sdk_win_64/imt_sdk_win_64/winavr/bin/../lib/gcc/avr/4.3.3/avr5\libgcc.a(_lt_sf.o)
 .data          0x0080011f        0x0 d:/courses/embedded data/imt_data/00-tools/03-imt sdk/03- imt sdk/03- imt sdk/imt_sdk_win_64/imt_sdk_win_64/winavr/bin/../lib/gcc/avr/4.3.3/avr5\libgcc.a(_sf_to_si.o)
 .data          0x0080011f        0x8 d:/courses/embedded data/imt_data/00-tools/03-imt sdk/03- imt sdk/03- imt sdk/imt_sdk_win_64/imt_sdk_win_64/winavr/bin/../lib/gcc/avr/4.3.3/avr5\libgcc.a(_thenan_sf.o)
                0x0080011f                __thenan_sf
 .data          0x00800127        0x0 d:/courses/embedded data/imt_data/00-tools/03-imt sdk/03- imt sdk/03- imt sdk/imt_sdk_win_64/imt_sdk_win_64/winavr/bin/../lib/gcc/avr/4.3.3/avr5\libgcc.a(_prologue.o)
 .data          0x00800127        0x0 d:/courses/embedded data/imt_data/00-tools/03-imt sdk/03- imt sdk/03- imt sdk/imt_sdk_win_64/imt_sdk_win_64/winavr/bin/../lib/gcc/avr/4.3.3/avr5\libgcc.a(_epilogue.o)
 .data          0x00800127        0x0 d:/courses/embedded data/imt_data/00-tools/03-imt sdk/03- imt sdk/03- imt sdk/imt_sdk_win_64/imt_sdk_win_64/winavr/bin/../lib/gcc/avr/4.3.3/avr5\libgcc.a(_pack_sf.o)
 .data          0x00800127        0x0 d:/courses/embedded data/imt_data/00-tools/03-imt sdk/03- imt sdk/03- imt sdk/imt_sdk_win_64/imt_sdk_win_64/winavr/bin/../lib/gcc/avr/4.3.3/avr5\libgcc.a(_unpack_sf.o)
 .data          0x00800127        0x0 d:/courses/embedded data/imt_data/00-tools/03-imt sdk/03- imt sdk/03- imt sdk/imt_sdk_win_64/imt_sdk_win_64/winavr/bin/../lib/gcc/avr/4.3.3/avr5\libgcc.a(_fpcmp_parts_sf.o)
 *(.data*)
 .data.SevenSeg_au8_Numbers
                0x00800127        0xa ./2-HAL/SevenSegment/SevenSEG_Program.o
                0x00800127                SevenSeg_au8_Numbers
 .data.SevenSeg_au8_Pins
                0x00800131        0x7 ./2-HAL/SevenSegment/SevenSEG_Program.o
                0x00800131                SevenSeg_au8_Pins
 *(.rodata)
 *(.rodata*)
 .rodata.Keypad_Au8_Keys
                0x00800138       0x10 ./2-HAL/Keybad/Keybad_Program.o
                0x00800138                Keypad_Au8_Keys
 .rodata.Keypad_Au8_RowsPins
                0x00800148        0x4 ./2-HAL/Keybad/Keybad_Program.o
                0x00800148                Keypad_Au8_RowsPins
 .rodata.Keypad_Au8_ColsPins
                0x0080014c        0x4 ./2-HAL/Keybad/Keybad_Program.o
                0x0080014c                Keypad_Au8_ColsPins
 *(.gnu.linkonce.d*)
                0x00800150                . = ALIGN (0x2)
                0x00800150                _edata = .
                0x00800150                PROVIDE (__data_end, .)

.bss            0x00800150        0x0
                0x00800150                PROVIDE (__bss_start, .)
 *(.bss)
 .bss           0x00800150        0x0 d:/courses/embedded data/imt_data/00-tools/03-imt sdk/03- imt sdk/03- imt sdk/imt_sdk_win_64/imt_sdk_win_64/winavr/bin/../lib/gcc/avr/4.3.3/../../../../avr/lib/avr5/crtm32.o
 .bss           0x00800150        0x0 ./4-APP/main.o
 .bss           0x00800150        0x0 ./2-HAL/Stepper_Motor/Stepper_Motor_Program.o
 .bss           0x00800150        0x0 ./2-HAL/SevenSegment/SevenSEG_Program.o
 .bss           0x00800150        0x0 ./2-HAL/LCD/LCD_Program.o
 .bss           0x00800150        0x0 ./2-HAL/Keybad/Keybad_Program.o
 .bss           0x00800150        0x0 ./2-HAL/DC_Motor/DC_Motor_Program.o
 .bss           0x00800150        0x0 ./1-MCAL/DIO/DIO_program.o
 .bss           0x00800150        0x0 d:/courses/embedded data/imt_data/00-tools/03-imt sdk/03- imt sdk/03- imt sdk/imt_sdk_win_64/imt_sdk_win_64/winavr/bin/../lib/gcc/avr/4.3.3/avr5\libgcc.a(_udivmodhi4.o)
 .bss           0x00800150        0x0 d:/courses/embedded data/imt_data/00-tools/03-imt sdk/03- imt sdk/03- imt sdk/imt_sdk_win_64/imt_sdk_win_64/winavr/bin/../lib/gcc/avr/4.3.3/avr5\libgcc.a(_udivmodsi4.o)
 .bss           0x00800150        0x0 d:/courses/embedded data/imt_data/00-tools/03-imt sdk/03- imt sdk/03- imt sdk/imt_sdk_win_64/imt_sdk_win_64/winavr/bin/../lib/gcc/avr/4.3.3/avr5\libgcc.a(_exit.o)
 .bss           0x00800150        0x0 d:/courses/embedded data/imt_data/00-tools/03-imt sdk/03- imt sdk/03- imt sdk/imt_sdk_win_64/imt_sdk_win_64/winavr/bin/../lib/gcc/avr/4.3.3/avr5\libgcc.a(_copy_data.o)
 .bss           0x00800150        0x0 d:/courses/embedded data/imt_data/00-tools/03-imt sdk/03- imt sdk/03- imt sdk/imt_sdk_win_64/imt_sdk_win_64/winavr/bin/../lib/gcc/avr/4.3.3/avr5\libgcc.a(_fixunssfsi.o)
 .bss           0x00800150        0x0 d:/courses/embedded data/imt_data/00-tools/03-imt sdk/03- imt sdk/03- imt sdk/imt_sdk_win_64/imt_sdk_win_64/winavr/bin/../lib/gcc/avr/4.3.3/avr5\libgcc.a(_addsub_sf.o)
 .bss           0x00800150        0x0 d:/courses/embedded data/imt_data/00-tools/03-imt sdk/03- imt sdk/03- imt sdk/imt_sdk_win_64/imt_sdk_win_64/winavr/bin/../lib/gcc/avr/4.3.3/avr5\libgcc.a(_mul_sf.o)
 .bss           0x00800150        0x0 d:/courses/embedded data/imt_data/00-tools/03-imt sdk/03- imt sdk/03- imt sdk/imt_sdk_win_64/imt_sdk_win_64/winavr/bin/../lib/gcc/avr/4.3.3/avr5\libgcc.a(_div_sf.o)
 .bss           0x00800150        0x0 d:/courses/embedded data/imt_data/00-tools/03-imt sdk/03- imt sdk/03- imt sdk/imt_sdk_win_64/imt_sdk_win_64/winavr/bin/../lib/gcc/avr/4.3.3/avr5\libgcc.a(_gt_sf.o)
 .bss           0x00800150        0x0 d:/courses/embedded data/imt_data/00-tools/03-imt sdk/03- imt sdk/03- imt sdk/imt_sdk_win_64/imt_sdk_win_64/winavr/bin/../lib/gcc/avr/4.3.3/avr5\libgcc.a(_ge_sf.o)
 .bss           0x00800150        0x0 d:/courses/embedded data/imt_data/00-tools/03-imt sdk/03- imt sdk/03- imt sdk/imt_sdk_win_64/imt_sdk_win_64/winavr/bin/../lib/gcc/avr/4.3.3/avr5\libgcc.a(_lt_sf.o)
 .bss           0x00800150        0x0 d:/courses/embedded data/imt_data/00-tools/03-imt sdk/03- imt sdk/03- imt sdk/imt_sdk_win_64/imt_sdk_win_64/winavr/bin/../lib/gcc/avr/4.3.3/avr5\libgcc.a(_sf_to_si.o)
 .bss           0x00800150        0x0 d:/courses/embedded data/imt_data/00-tools/03-imt sdk/03- imt sdk/03- imt sdk/imt_sdk_win_64/imt_sdk_win_64/winavr/bin/../lib/gcc/avr/4.3.3/avr5\libgcc.a(_thenan_sf.o)
 .bss           0x00800150        0x0 d:/courses/embedded data/imt_data/00-tools/03-imt sdk/03- imt sdk/03- imt sdk/imt_sdk_win_64/imt_sdk_win_64/winavr/bin/../lib/gcc/avr/4.3.3/avr5\libgcc.a(_prologue.o)
 .bss           0x00800150        0x0 d:/courses/embedded data/imt_data/00-tools/03-imt sdk/03- imt sdk/03- imt sdk/imt_sdk_win_64/imt_sdk_win_64/winavr/bin/../lib/gcc/avr/4.3.3/avr5\libgcc.a(_epilogue.o)
 .bss           0x00800150        0x0 d:/courses/embedded data/imt_data/00-tools/03-imt sdk/03- imt sdk/03- imt sdk/imt_sdk_win_64/imt_sdk_win_64/winavr/bin/../lib/gcc/avr/4.3.3/avr5\libgcc.a(_pack_sf.o)
 .bss           0x00800150        0x0 d:/courses/embedded data/imt_data/00-tools/03-imt sdk/03- imt sdk/03- imt sdk/imt_sdk_win_64/imt_sdk_win_64/winavr/bin/../lib/gcc/avr/4.3.3/avr5\libgcc.a(_unpack_sf.o)
 .bss           0x00800150        0x0 d:/courses/embedded data/imt_data/00-tools/03-imt sdk/03- imt sdk/03- imt sdk/imt_sdk_win_64/imt_sdk_win_64/winavr/bin/../lib/gcc/avr/4.3.3/avr5\libgcc.a(_fpcmp_parts_sf.o)
 *(.bss*)
 *(COMMON)
                0x00800150                PROVIDE (__bss_end, .)
                0x00003d02                __data_load_start = LOADADDR (.data)
                0x00003df2                __data_load_end = (__data_load_start + SIZEOF (.data))

.noinit         0x00800150        0x0
                0x00800150                PROVIDE (__noinit_start, .)
 *(.noinit*)
                0x00800150                PROVIDE (__noinit_end, .)
                0x00800150                _end = .
                0x00800150                PROVIDE (__heap_start, .)

.eeprom         0x00810000        0x0
 *(.eeprom*)
                0x00810000                __eeprom_end = .

.fuse
 *(.fuse)
 *(.lfuse)
 *(.hfuse)
 *(.efuse)

.lock
 *(.lock*)

.signature
 *(.signature*)

.stab           0x00000000     0x38a0
 *(.stab)
 .stab          0x00000000      0xdec ./4-APP/main.o
 .stab          0x00000dec      0x6c0 ./2-HAL/Stepper_Motor/Stepper_Motor_Program.o
                                0x858 (size before relaxing)
 .stab          0x000014ac      0x270 ./2-HAL/SevenSegment/SevenSEG_Program.o
                                0x27c (size before relaxing)
 .stab          0x0000171c     0x1014 ./2-HAL/LCD/LCD_Program.o
                               0x11ac (size before relaxing)
 .stab          0x00002730      0x480 ./2-HAL/Keybad/Keybad_Program.o
                                0x618 (size before relaxing)
 .stab          0x00002bb0      0x468 ./2-HAL/DC_Motor/DC_Motor_Program.o
                                0x474 (size before relaxing)
 .stab          0x00003018      0x888 ./1-MCAL/DIO/DIO_program.o
                                0x894 (size before relaxing)

.stabstr        0x00000000     0x152e
 *(.stabstr)
 .stabstr       0x00000000     0x152e ./4-APP/main.o

.stab.excl
 *(.stab.excl)

.stab.exclstr
 *(.stab.exclstr)

.stab.index
 *(.stab.index)

.stab.indexstr
 *(.stab.indexstr)

.comment
 *(.comment)

.debug
 *(.debug)

.line
 *(.line)

.debug_srcinfo
 *(.debug_srcinfo)

.debug_sfnames
 *(.debug_sfnames)

.debug_aranges  0x00000000      0x160
 *(.debug_aranges)
 .debug_aranges
                0x00000000       0x20 d:/courses/embedded data/imt_data/00-tools/03-imt sdk/03- imt sdk/03- imt sdk/imt_sdk_win_64/imt_sdk_win_64/winavr/bin/../lib/gcc/avr/4.3.3/avr5\libgcc.a(_fixunssfsi.o)
 .debug_aranges
                0x00000020       0x20 d:/courses/embedded data/imt_data/00-tools/03-imt sdk/03- imt sdk/03- imt sdk/imt_sdk_win_64/imt_sdk_win_64/winavr/bin/../lib/gcc/avr/4.3.3/avr5\libgcc.a(_addsub_sf.o)
 .debug_aranges
                0x00000040       0x20 d:/courses/embedded data/imt_data/00-tools/03-imt sdk/03- imt sdk/03- imt sdk/imt_sdk_win_64/imt_sdk_win_64/winavr/bin/../lib/gcc/avr/4.3.3/avr5\libgcc.a(_mul_sf.o)
 .debug_aranges
                0x00000060       0x20 d:/courses/embedded data/imt_data/00-tools/03-imt sdk/03- imt sdk/03- imt sdk/imt_sdk_win_64/imt_sdk_win_64/winavr/bin/../lib/gcc/avr/4.3.3/avr5\libgcc.a(_div_sf.o)
 .debug_aranges
                0x00000080       0x20 d:/courses/embedded data/imt_data/00-tools/03-imt sdk/03- imt sdk/03- imt sdk/imt_sdk_win_64/imt_sdk_win_64/winavr/bin/../lib/gcc/avr/4.3.3/avr5\libgcc.a(_gt_sf.o)
 .debug_aranges
                0x000000a0       0x20 d:/courses/embedded data/imt_data/00-tools/03-imt sdk/03- imt sdk/03- imt sdk/imt_sdk_win_64/imt_sdk_win_64/winavr/bin/../lib/gcc/avr/4.3.3/avr5\libgcc.a(_ge_sf.o)
 .debug_aranges
                0x000000c0       0x20 d:/courses/embedded data/imt_data/00-tools/03-imt sdk/03- imt sdk/03- imt sdk/imt_sdk_win_64/imt_sdk_win_64/winavr/bin/../lib/gcc/avr/4.3.3/avr5\libgcc.a(_lt_sf.o)
 .debug_aranges
                0x000000e0       0x20 d:/courses/embedded data/imt_data/00-tools/03-imt sdk/03- imt sdk/03- imt sdk/imt_sdk_win_64/imt_sdk_win_64/winavr/bin/../lib/gcc/avr/4.3.3/avr5\libgcc.a(_sf_to_si.o)
 .debug_aranges
                0x00000100       0x20 d:/courses/embedded data/imt_data/00-tools/03-imt sdk/03- imt sdk/03- imt sdk/imt_sdk_win_64/imt_sdk_win_64/winavr/bin/../lib/gcc/avr/4.3.3/avr5\libgcc.a(_pack_sf.o)
 .debug_aranges
                0x00000120       0x20 d:/courses/embedded data/imt_data/00-tools/03-imt sdk/03- imt sdk/03- imt sdk/imt_sdk_win_64/imt_sdk_win_64/winavr/bin/../lib/gcc/avr/4.3.3/avr5\libgcc.a(_unpack_sf.o)
 .debug_aranges
                0x00000140       0x20 d:/courses/embedded data/imt_data/00-tools/03-imt sdk/03- imt sdk/03- imt sdk/imt_sdk_win_64/imt_sdk_win_64/winavr/bin/../lib/gcc/avr/4.3.3/avr5\libgcc.a(_fpcmp_parts_sf.o)

.debug_pubnames
                0x00000000      0x18f
 *(.debug_pubnames)
 .debug_pubnames
                0x00000000       0x23 d:/courses/embedded data/imt_data/00-tools/03-imt sdk/03- imt sdk/03- imt sdk/imt_sdk_win_64/imt_sdk_win_64/winavr/bin/../lib/gcc/avr/4.3.3/avr5\libgcc.a(_fixunssfsi.o)
 .debug_pubnames
                0x00000023       0x2c d:/courses/embedded data/imt_data/00-tools/03-imt sdk/03- imt sdk/03- imt sdk/imt_sdk_win_64/imt_sdk_win_64/winavr/bin/../lib/gcc/avr/4.3.3/avr5\libgcc.a(_addsub_sf.o)
 .debug_pubnames
                0x0000004f       0x1f d:/courses/embedded data/imt_data/00-tools/03-imt sdk/03- imt sdk/03- imt sdk/imt_sdk_win_64/imt_sdk_win_64/winavr/bin/../lib/gcc/avr/4.3.3/avr5\libgcc.a(_mul_sf.o)
 .debug_pubnames
                0x0000006e       0x1f d:/courses/embedded data/imt_data/00-tools/03-imt sdk/03- imt sdk/03- imt sdk/imt_sdk_win_64/imt_sdk_win_64/winavr/bin/../lib/gcc/avr/4.3.3/avr5\libgcc.a(_div_sf.o)
 .debug_pubnames
                0x0000008d       0x1e d:/courses/embedded data/imt_data/00-tools/03-imt sdk/03- imt sdk/03- imt sdk/imt_sdk_win_64/imt_sdk_win_64/winavr/bin/../lib/gcc/avr/4.3.3/avr5\libgcc.a(_gt_sf.o)
 .debug_pubnames
                0x000000ab       0x1e d:/courses/embedded data/imt_data/00-tools/03-imt sdk/03- imt sdk/03- imt sdk/imt_sdk_win_64/imt_sdk_win_64/winavr/bin/../lib/gcc/avr/4.3.3/avr5\libgcc.a(_ge_sf.o)
 .debug_pubnames
                0x000000c9       0x1e d:/courses/embedded data/imt_data/00-tools/03-imt sdk/03- imt sdk/03- imt sdk/imt_sdk_win_64/imt_sdk_win_64/winavr/bin/../lib/gcc/avr/4.3.3/avr5\libgcc.a(_lt_sf.o)
 .debug_pubnames
                0x000000e7       0x20 d:/courses/embedded data/imt_data/00-tools/03-imt sdk/03- imt sdk/03- imt sdk/imt_sdk_win_64/imt_sdk_win_64/winavr/bin/../lib/gcc/avr/4.3.3/avr5\libgcc.a(_sf_to_si.o)
 .debug_pubnames
                0x00000107       0x22 d:/courses/embedded data/imt_data/00-tools/03-imt sdk/03- imt sdk/03- imt sdk/imt_sdk_win_64/imt_sdk_win_64/winavr/bin/../lib/gcc/avr/4.3.3/avr5\libgcc.a(_thenan_sf.o)
 .debug_pubnames
                0x00000129       0x1f d:/courses/embedded data/imt_data/00-tools/03-imt sdk/03- imt sdk/03- imt sdk/imt_sdk_win_64/imt_sdk_win_64/winavr/bin/../lib/gcc/avr/4.3.3/avr5\libgcc.a(_pack_sf.o)
 .debug_pubnames
                0x00000148       0x21 d:/courses/embedded data/imt_data/00-tools/03-imt sdk/03- imt sdk/03- imt sdk/imt_sdk_win_64/imt_sdk_win_64/winavr/bin/../lib/gcc/avr/4.3.3/avr5\libgcc.a(_unpack_sf.o)
 .debug_pubnames
                0x00000169       0x26 d:/courses/embedded data/imt_data/00-tools/03-imt sdk/03- imt sdk/03- imt sdk/imt_sdk_win_64/imt_sdk_win_64/winavr/bin/../lib/gcc/avr/4.3.3/avr5\libgcc.a(_fpcmp_parts_sf.o)

.debug_info     0x00000000     0x2045
 *(.debug_info)
 .debug_info    0x00000000       0xb1 d:/courses/embedded data/imt_data/00-tools/03-imt sdk/03- imt sdk/03- imt sdk/imt_sdk_win_64/imt_sdk_win_64/winavr/bin/../lib/gcc/avr/4.3.3/avr5\libgcc.a(_fixunssfsi.o)
 .debug_info    0x000000b1      0x47a d:/courses/embedded data/imt_data/00-tools/03-imt sdk/03- imt sdk/03- imt sdk/imt_sdk_win_64/imt_sdk_win_64/winavr/bin/../lib/gcc/avr/4.3.3/avr5\libgcc.a(_addsub_sf.o)
 .debug_info    0x0000052b      0x485 d:/courses/embedded data/imt_data/00-tools/03-imt sdk/03- imt sdk/03- imt sdk/imt_sdk_win_64/imt_sdk_win_64/winavr/bin/../lib/gcc/avr/4.3.3/avr5\libgcc.a(_mul_sf.o)
 .debug_info    0x000009b0      0x3fc d:/courses/embedded data/imt_data/00-tools/03-imt sdk/03- imt sdk/03- imt sdk/imt_sdk_win_64/imt_sdk_win_64/winavr/bin/../lib/gcc/avr/4.3.3/avr5\libgcc.a(_div_sf.o)
 .debug_info    0x00000dac      0x27f d:/courses/embedded data/imt_data/00-tools/03-imt sdk/03- imt sdk/03- imt sdk/imt_sdk_win_64/imt_sdk_win_64/winavr/bin/../lib/gcc/avr/4.3.3/avr5\libgcc.a(_gt_sf.o)
 .debug_info    0x0000102b      0x27f d:/courses/embedded data/imt_data/00-tools/03-imt sdk/03- imt sdk/03- imt sdk/imt_sdk_win_64/imt_sdk_win_64/winavr/bin/../lib/gcc/avr/4.3.3/avr5\libgcc.a(_ge_sf.o)
 .debug_info    0x000012aa      0x27f d:/courses/embedded data/imt_data/00-tools/03-imt sdk/03- imt sdk/03- imt sdk/imt_sdk_win_64/imt_sdk_win_64/winavr/bin/../lib/gcc/avr/4.3.3/avr5\libgcc.a(_lt_sf.o)
 .debug_info    0x00001529      0x2b0 d:/courses/embedded data/imt_data/00-tools/03-imt sdk/03- imt sdk/03- imt sdk/imt_sdk_win_64/imt_sdk_win_64/winavr/bin/../lib/gcc/avr/4.3.3/avr5\libgcc.a(_sf_to_si.o)
 .debug_info    0x000017d9      0x12c d:/courses/embedded data/imt_data/00-tools/03-imt sdk/03- imt sdk/03- imt sdk/imt_sdk_win_64/imt_sdk_win_64/winavr/bin/../lib/gcc/avr/4.3.3/avr5\libgcc.a(_thenan_sf.o)
 .debug_info    0x00001905      0x2df d:/courses/embedded data/imt_data/00-tools/03-imt sdk/03- imt sdk/03- imt sdk/imt_sdk_win_64/imt_sdk_win_64/winavr/bin/../lib/gcc/avr/4.3.3/avr5\libgcc.a(_pack_sf.o)
 .debug_info    0x00001be4      0x251 d:/courses/embedded data/imt_data/00-tools/03-imt sdk/03- imt sdk/03- imt sdk/imt_sdk_win_64/imt_sdk_win_64/winavr/bin/../lib/gcc/avr/4.3.3/avr5\libgcc.a(_unpack_sf.o)
 .debug_info    0x00001e35      0x210 d:/courses/embedded data/imt_data/00-tools/03-imt sdk/03- imt sdk/03- imt sdk/imt_sdk_win_64/imt_sdk_win_64/winavr/bin/../lib/gcc/avr/4.3.3/avr5\libgcc.a(_fpcmp_parts_sf.o)
 *(.gnu.linkonce.wi.*)

.debug_abbrev   0x00000000     0x1101
 *(.debug_abbrev)
 .debug_abbrev  0x00000000       0x5d d:/courses/embedded data/imt_data/00-tools/03-imt sdk/03- imt sdk/03- imt sdk/imt_sdk_win_64/imt_sdk_win_64/winavr/bin/../lib/gcc/avr/4.3.3/avr5\libgcc.a(_fixunssfsi.o)
 .debug_abbrev  0x0000005d      0x1ea d:/courses/embedded data/imt_data/00-tools/03-imt sdk/03- imt sdk/03- imt sdk/imt_sdk_win_64/imt_sdk_win_64/winavr/bin/../lib/gcc/avr/4.3.3/avr5\libgcc.a(_addsub_sf.o)
 .debug_abbrev  0x00000247      0x21b d:/courses/embedded data/imt_data/00-tools/03-imt sdk/03- imt sdk/03- imt sdk/imt_sdk_win_64/imt_sdk_win_64/winavr/bin/../lib/gcc/avr/4.3.3/avr5\libgcc.a(_mul_sf.o)
 .debug_abbrev  0x00000462      0x216 d:/courses/embedded data/imt_data/00-tools/03-imt sdk/03- imt sdk/03- imt sdk/imt_sdk_win_64/imt_sdk_win_64/winavr/bin/../lib/gcc/avr/4.3.3/avr5\libgcc.a(_div_sf.o)
 .debug_abbrev  0x00000678      0x15a d:/courses/embedded data/imt_data/00-tools/03-imt sdk/03- imt sdk/03- imt sdk/imt_sdk_win_64/imt_sdk_win_64/winavr/bin/../lib/gcc/avr/4.3.3/avr5\libgcc.a(_gt_sf.o)
 .debug_abbrev  0x000007d2      0x15a d:/courses/embedded data/imt_data/00-tools/03-imt sdk/03- imt sdk/03- imt sdk/imt_sdk_win_64/imt_sdk_win_64/winavr/bin/../lib/gcc/avr/4.3.3/avr5\libgcc.a(_ge_sf.o)
 .debug_abbrev  0x0000092c      0x15a d:/courses/embedded data/imt_data/00-tools/03-imt sdk/03- imt sdk/03- imt sdk/imt_sdk_win_64/imt_sdk_win_64/winavr/bin/../lib/gcc/avr/4.3.3/avr5\libgcc.a(_lt_sf.o)
 .debug_abbrev  0x00000a86      0x17f d:/courses/embedded data/imt_data/00-tools/03-imt sdk/03- imt sdk/03- imt sdk/imt_sdk_win_64/imt_sdk_win_64/winavr/bin/../lib/gcc/avr/4.3.3/avr5\libgcc.a(_sf_to_si.o)
 .debug_abbrev  0x00000c05       0xad d:/courses/embedded data/imt_data/00-tools/03-imt sdk/03- imt sdk/03- imt sdk/imt_sdk_win_64/imt_sdk_win_64/winavr/bin/../lib/gcc/avr/4.3.3/avr5\libgcc.a(_thenan_sf.o)
 .debug_abbrev  0x00000cb2      0x1c0 d:/courses/embedded data/imt_data/00-tools/03-imt sdk/03- imt sdk/03- imt sdk/imt_sdk_win_64/imt_sdk_win_64/winavr/bin/../lib/gcc/avr/4.3.3/avr5\libgcc.a(_pack_sf.o)
 .debug_abbrev  0x00000e72      0x154 d:/courses/embedded data/imt_data/00-tools/03-imt sdk/03- imt sdk/03- imt sdk/imt_sdk_win_64/imt_sdk_win_64/winavr/bin/../lib/gcc/avr/4.3.3/avr5\libgcc.a(_unpack_sf.o)
 .debug_abbrev  0x00000fc6      0x13b d:/courses/embedded data/imt_data/00-tools/03-imt sdk/03- imt sdk/03- imt sdk/imt_sdk_win_64/imt_sdk_win_64/winavr/bin/../lib/gcc/avr/4.3.3/avr5\libgcc.a(_fpcmp_parts_sf.o)

.debug_line     0x00000000      0xf82
 *(.debug_line)
 .debug_line    0x00000000       0xa7 d:/courses/embedded data/imt_data/00-tools/03-imt sdk/03- imt sdk/03- imt sdk/imt_sdk_win_64/imt_sdk_win_64/winavr/bin/../lib/gcc/avr/4.3.3/avr5\libgcc.a(_fixunssfsi.o)
 .debug_line    0x000000a7      0x2af d:/courses/embedded data/imt_data/00-tools/03-imt sdk/03- imt sdk/03- imt sdk/imt_sdk_win_64/imt_sdk_win_64/winavr/bin/../lib/gcc/avr/4.3.3/avr5\libgcc.a(_addsub_sf.o)
 .debug_line    0x00000356      0x239 d:/courses/embedded data/imt_data/00-tools/03-imt sdk/03- imt sdk/03- imt sdk/imt_sdk_win_64/imt_sdk_win_64/winavr/bin/../lib/gcc/avr/4.3.3/avr5\libgcc.a(_mul_sf.o)
 .debug_line    0x0000058f      0x1d5 d:/courses/embedded data/imt_data/00-tools/03-imt sdk/03- imt sdk/03- imt sdk/imt_sdk_win_64/imt_sdk_win_64/winavr/bin/../lib/gcc/avr/4.3.3/avr5\libgcc.a(_div_sf.o)
 .debug_line    0x00000764       0xd3 d:/courses/embedded data/imt_data/00-tools/03-imt sdk/03- imt sdk/03- imt sdk/imt_sdk_win_64/imt_sdk_win_64/winavr/bin/../lib/gcc/avr/4.3.3/avr5\libgcc.a(_gt_sf.o)
 .debug_line    0x00000837       0xd3 d:/courses/embedded data/imt_data/00-tools/03-imt sdk/03- imt sdk/03- imt sdk/imt_sdk_win_64/imt_sdk_win_64/winavr/bin/../lib/gcc/avr/4.3.3/avr5\libgcc.a(_ge_sf.o)
 .debug_line    0x0000090a       0xd3 d:/courses/embedded data/imt_data/00-tools/03-imt sdk/03- imt sdk/03- imt sdk/imt_sdk_win_64/imt_sdk_win_64/winavr/bin/../lib/gcc/avr/4.3.3/avr5\libgcc.a(_lt_sf.o)
 .debug_line    0x000009dd      0x109 d:/courses/embedded data/imt_data/00-tools/03-imt sdk/03- imt sdk/03- imt sdk/imt_sdk_win_64/imt_sdk_win_64/winavr/bin/../lib/gcc/avr/4.3.3/avr5\libgcc.a(_sf_to_si.o)
 .debug_line    0x00000ae6       0x90 d:/courses/embedded data/imt_data/00-tools/03-imt sdk/03- imt sdk/03- imt sdk/imt_sdk_win_64/imt_sdk_win_64/winavr/bin/../lib/gcc/avr/4.3.3/avr5\libgcc.a(_thenan_sf.o)
 .debug_line    0x00000b76      0x18a d:/courses/embedded data/imt_data/00-tools/03-imt sdk/03- imt sdk/03- imt sdk/imt_sdk_win_64/imt_sdk_win_64/winavr/bin/../lib/gcc/avr/4.3.3/avr5\libgcc.a(_pack_sf.o)
 .debug_line    0x00000d00      0x14b d:/courses/embedded data/imt_data/00-tools/03-imt sdk/03- imt sdk/03- imt sdk/imt_sdk_win_64/imt_sdk_win_64/winavr/bin/../lib/gcc/avr/4.3.3/avr5\libgcc.a(_unpack_sf.o)
 .debug_line    0x00000e4b      0x137 d:/courses/embedded data/imt_data/00-tools/03-imt sdk/03- imt sdk/03- imt sdk/imt_sdk_win_64/imt_sdk_win_64/winavr/bin/../lib/gcc/avr/4.3.3/avr5\libgcc.a(_fpcmp_parts_sf.o)

.debug_frame    0x00000000      0x180
 *(.debug_frame)
 .debug_frame   0x00000000       0x20 d:/courses/embedded data/imt_data/00-tools/03-imt sdk/03- imt sdk/03- imt sdk/imt_sdk_win_64/imt_sdk_win_64/winavr/bin/../lib/gcc/avr/4.3.3/avr5\libgcc.a(_fixunssfsi.o)
 .debug_frame   0x00000020       0x40 d:/courses/embedded data/imt_data/00-tools/03-imt sdk/03- imt sdk/03- imt sdk/imt_sdk_win_64/imt_sdk_win_64/winavr/bin/../lib/gcc/avr/4.3.3/avr5\libgcc.a(_addsub_sf.o)
 .debug_frame   0x00000060       0x20 d:/courses/embedded data/imt_data/00-tools/03-imt sdk/03- imt sdk/03- imt sdk/imt_sdk_win_64/imt_sdk_win_64/winavr/bin/../lib/gcc/avr/4.3.3/avr5\libgcc.a(_mul_sf.o)
 .debug_frame   0x00000080       0x20 d:/courses/embedded data/imt_data/00-tools/03-imt sdk/03- imt sdk/03- imt sdk/imt_sdk_win_64/imt_sdk_win_64/winavr/bin/../lib/gcc/avr/4.3.3/avr5\libgcc.a(_div_sf.o)
 .debug_frame   0x000000a0       0x20 d:/courses/embedded data/imt_data/00-tools/03-imt sdk/03- imt sdk/03- imt sdk/imt_sdk_win_64/imt_sdk_win_64/winavr/bin/../lib/gcc/avr/4.3.3/avr5\libgcc.a(_gt_sf.o)
 .debug_frame   0x000000c0       0x20 d:/courses/embedded data/imt_data/00-tools/03-imt sdk/03- imt sdk/03- imt sdk/imt_sdk_win_64/imt_sdk_win_64/winavr/bin/../lib/gcc/avr/4.3.3/avr5\libgcc.a(_ge_sf.o)
 .debug_frame   0x000000e0       0x20 d:/courses/embedded data/imt_data/00-tools/03-imt sdk/03- imt sdk/03- imt sdk/imt_sdk_win_64/imt_sdk_win_64/winavr/bin/../lib/gcc/avr/4.3.3/avr5\libgcc.a(_lt_sf.o)
 .debug_frame   0x00000100       0x20 d:/courses/embedded data/imt_data/00-tools/03-imt sdk/03- imt sdk/03- imt sdk/imt_sdk_win_64/imt_sdk_win_64/winavr/bin/../lib/gcc/avr/4.3.3/avr5\libgcc.a(_sf_to_si.o)
 .debug_frame   0x00000120       0x20 d:/courses/embedded data/imt_data/00-tools/03-imt sdk/03- imt sdk/03- imt sdk/imt_sdk_win_64/imt_sdk_win_64/winavr/bin/../lib/gcc/avr/4.3.3/avr5\libgcc.a(_pack_sf.o)
 .debug_frame   0x00000140       0x20 d:/courses/embedded data/imt_data/00-tools/03-imt sdk/03- imt sdk/03- imt sdk/imt_sdk_win_64/imt_sdk_win_64/winavr/bin/../lib/gcc/avr/4.3.3/avr5\libgcc.a(_unpack_sf.o)
 .debug_frame   0x00000160       0x20 d:/courses/embedded data/imt_data/00-tools/03-imt sdk/03- imt sdk/03- imt sdk/imt_sdk_win_64/imt_sdk_win_64/winavr/bin/../lib/gcc/avr/4.3.3/avr5\libgcc.a(_fpcmp_parts_sf.o)

.debug_str      0x00000000      0x2c2
 *(.debug_str)
 .debug_str     0x00000000       0xbf d:/courses/embedded data/imt_data/00-tools/03-imt sdk/03- imt sdk/03- imt sdk/imt_sdk_win_64/imt_sdk_win_64/winavr/bin/../lib/gcc/avr/4.3.3/avr5\libgcc.a(_fixunssfsi.o)
                                 0xfe (size before relaxing)
 .debug_str     0x000000bf      0x14d d:/courses/embedded data/imt_data/00-tools/03-imt sdk/03- imt sdk/03- imt sdk/imt_sdk_win_64/imt_sdk_win_64/winavr/bin/../lib/gcc/avr/4.3.3/avr5\libgcc.a(_addsub_sf.o)
                                0x206 (size before relaxing)
 .debug_str     0x0000020c       0x27 d:/courses/embedded data/imt_data/00-tools/03-imt sdk/03- imt sdk/03- imt sdk/imt_sdk_win_64/imt_sdk_win_64/winavr/bin/../lib/gcc/avr/4.3.3/avr5\libgcc.a(_mul_sf.o)
                                0x1bf (size before relaxing)
 .debug_str     0x00000233       0x35 d:/courses/embedded data/imt_data/00-tools/03-imt sdk/03- imt sdk/03- imt sdk/imt_sdk_win_64/imt_sdk_win_64/winavr/bin/../lib/gcc/avr/4.3.3/avr5\libgcc.a(_div_sf.o)
                                0x1c8 (size before relaxing)
 .debug_str     0x00000268        0xf d:/courses/embedded data/imt_data/00-tools/03-imt sdk/03- imt sdk/03- imt sdk/imt_sdk_win_64/imt_sdk_win_64/winavr/bin/../lib/gcc/avr/4.3.3/avr5\libgcc.a(_gt_sf.o)
                                0x195 (size before relaxing)
 .debug_str     0x00000277        0x8 d:/courses/embedded data/imt_data/00-tools/03-imt sdk/03- imt sdk/03- imt sdk/imt_sdk_win_64/imt_sdk_win_64/winavr/bin/../lib/gcc/avr/4.3.3/avr5\libgcc.a(_ge_sf.o)
                                0x195 (size before relaxing)
 .debug_str     0x0000027f        0x8 d:/courses/embedded data/imt_data/00-tools/03-imt sdk/03- imt sdk/03- imt sdk/imt_sdk_win_64/imt_sdk_win_64/winavr/bin/../lib/gcc/avr/4.3.3/avr5\libgcc.a(_lt_sf.o)
                                0x195 (size before relaxing)
 .debug_str     0x00000287        0xa d:/courses/embedded data/imt_data/00-tools/03-imt sdk/03- imt sdk/03- imt sdk/imt_sdk_win_64/imt_sdk_win_64/winavr/bin/../lib/gcc/avr/4.3.3/avr5\libgcc.a(_sf_to_si.o)
                                0x19e (size before relaxing)
 .debug_str     0x00000000      0x103 d:/courses/embedded data/imt_data/00-tools/03-imt sdk/03- imt sdk/03- imt sdk/imt_sdk_win_64/imt_sdk_win_64/winavr/bin/../lib/gcc/avr/4.3.3/avr5\libgcc.a(_thenan_sf.o)
 .debug_str     0x00000291       0x16 d:/courses/embedded data/imt_data/00-tools/03-imt sdk/03- imt sdk/03- imt sdk/imt_sdk_win_64/imt_sdk_win_64/winavr/bin/../lib/gcc/avr/4.3.3/avr5\libgcc.a(_pack_sf.o)
                                0x19d (size before relaxing)
 .debug_str     0x000002a7        0xb d:/courses/embedded data/imt_data/00-tools/03-imt sdk/03- imt sdk/03- imt sdk/imt_sdk_win_64/imt_sdk_win_64/winavr/bin/../lib/gcc/avr/4.3.3/avr5\libgcc.a(_unpack_sf.o)
                                0x17f (size before relaxing)
 .debug_str     0x000002b2       0x10 d:/courses/embedded data/imt_data/00-tools/03-imt sdk/03- imt sdk/03- imt sdk/imt_sdk_win_64/imt_sdk_win_64/winavr/bin/../lib/gcc/avr/4.3.3/avr5\libgcc.a(_fpcmp_parts_sf.o)
                                0x163 (size before relaxing)

.debug_loc      0x00000000      0x88e
 *(.debug_loc)
 .debug_loc     0x00000000       0x34 d:/courses/embedded data/imt_data/00-tools/03-imt sdk/03- imt sdk/03- imt sdk/imt_sdk_win_64/imt_sdk_win_64/winavr/bin/../lib/gcc/avr/4.3.3/avr5\libgcc.a(_fixunssfsi.o)
 .debug_loc     0x00000034      0x32a d:/courses/embedded data/imt_data/00-tools/03-imt sdk/03- imt sdk/03- imt sdk/imt_sdk_win_64/imt_sdk_win_64/winavr/bin/../lib/gcc/avr/4.3.3/avr5\libgcc.a(_addsub_sf.o)
 .debug_loc     0x0000035e      0x104 d:/courses/embedded data/imt_data/00-tools/03-imt sdk/03- imt sdk/03- imt sdk/imt_sdk_win_64/imt_sdk_win_64/winavr/bin/../lib/gcc/avr/4.3.3/avr5\libgcc.a(_mul_sf.o)
 .debug_loc     0x00000462       0xc0 d:/courses/embedded data/imt_data/00-tools/03-imt sdk/03- imt sdk/03- imt sdk/imt_sdk_win_64/imt_sdk_win_64/winavr/bin/../lib/gcc/avr/4.3.3/avr5\libgcc.a(_div_sf.o)
 .debug_loc     0x00000522       0x3c d:/courses/embedded data/imt_data/00-tools/03-imt sdk/03- imt sdk/03- imt sdk/imt_sdk_win_64/imt_sdk_win_64/winavr/bin/../lib/gcc/avr/4.3.3/avr5\libgcc.a(_gt_sf.o)
 .debug_loc     0x0000055e       0x3c d:/courses/embedded data/imt_data/00-tools/03-imt sdk/03- imt sdk/03- imt sdk/imt_sdk_win_64/imt_sdk_win_64/winavr/bin/../lib/gcc/avr/4.3.3/avr5\libgcc.a(_ge_sf.o)
 .debug_loc     0x0000059a       0x3c d:/courses/embedded data/imt_data/00-tools/03-imt sdk/03- imt sdk/03- imt sdk/imt_sdk_win_64/imt_sdk_win_64/winavr/bin/../lib/gcc/avr/4.3.3/avr5\libgcc.a(_lt_sf.o)
 .debug_loc     0x000005d6       0x7e d:/courses/embedded data/imt_data/00-tools/03-imt sdk/03- imt sdk/03- imt sdk/imt_sdk_win_64/imt_sdk_win_64/winavr/bin/../lib/gcc/avr/4.3.3/avr5\libgcc.a(_sf_to_si.o)
 .debug_loc     0x00000654      0x13e d:/courses/embedded data/imt_data/00-tools/03-imt sdk/03- imt sdk/03- imt sdk/imt_sdk_win_64/imt_sdk_win_64/winavr/bin/../lib/gcc/avr/4.3.3/avr5\libgcc.a(_pack_sf.o)
 .debug_loc     0x00000792       0xac d:/courses/embedded data/imt_data/00-tools/03-imt sdk/03- imt sdk/03- imt sdk/imt_sdk_win_64/imt_sdk_win_64/winavr/bin/../lib/gcc/avr/4.3.3/avr5\libgcc.a(_unpack_sf.o)
 .debug_loc     0x0000083e       0x50 d:/courses/embedded data/imt_data/00-tools/03-imt sdk/03- imt sdk/03- imt sdk/imt_sdk_win_64/imt_sdk_win_64/winavr/bin/../lib/gcc/avr/4.3.3/avr5\libgcc.a(_fpcmp_parts_sf.o)

.debug_macinfo
 *(.debug_macinfo)
OUTPUT(ElectronicSwitches_Test.elf elf32-avr)
LOAD linker stubs

.debug_ranges   0x00000000       0x50
 .debug_ranges  0x00000000       0x50 d:/courses/embedded data/imt_data/00-tools/03-imt sdk/03- imt sdk/03- imt sdk/imt_sdk_win_64/imt_sdk_win_64/winavr/bin/../lib/gcc/avr/4.3.3/avr5\libgcc.a(_mul_sf.o)
